tests/benchmarks/test_late_chunking_performance.py::test_document_embedding_speed FAILED [  0%]
tests/benchmarks/test_late_chunking_performance.py::test_embedding_chunking_speed FAILED [  0%]
tests/benchmarks/test_late_chunking_performance.py::test_semantic_boundary_speed FAILED [  0%]
tests/benchmarks/test_late_chunking_performance.py::test_end_to_end_latency FAILED [  0%]
tests/benchmarks/test_late_chunking_performance.py::test_coherence_analysis_overhead FAILED [  0%]
tests/benchmarks/test_late_chunking_performance.py::test_batch_processing_speed FAILED [  0%]
tests/benchmarks/test_late_chunking_performance.py::test_adaptive_chunking_speed FAILED [  0%]
tests/benchmarks/test_late_chunking_performance.py::test_memory_efficiency FAILED [  0%]
tests/benchmarks/test_model_comparison_performance.py::test_model_loading_speed FAILED [  0%]
tests/benchmarks/test_model_comparison_performance.py::test_model_loading_cached FAILED [  0%]
tests/benchmarks/test_model_comparison_performance.py::test_inference_speed FAILED [  0%]
tests/benchmarks/test_model_comparison_performance.py::test_batch_size_comparison FAILED [  1%]
tests/benchmarks/test_model_comparison_performance.py::test_embedding_quality FAILED [  1%]
tests/benchmarks/test_model_comparison_performance.py::test_memory_efficiency FAILED [  1%]
tests/integration/models/test_fine_tuned_embeddings_integration.py::test_register_and_load_model FAILED [  3%]
tests/integration/models/test_fine_tuned_embeddings_integration.py::test_model_comparison_workflow FAILED [  3%]
tests/integration/services/test_embedding_integration.py::test_local_embedding_provider FAILED [  5%]
tests/integration/services/test_embedding_integration.py::test_large_batch_processing FAILED [  5%]
tests/integration/services/test_embedding_integration.py::test_concurrent_embedding_requests FAILED [  5%]
tests/integration/services/test_embedding_integration.py::test_cache_persistence_across_batches FAILED [  5%]
tests/integration/services/test_embedding_integration.py::test_error_handling FAILED [  5%]
tests/integration/services/test_embedding_integration.py::test_onnx_provider_compatibility FAILED [  6%]
tests/integration/services/test_service_implementations.py::TestDatabaseServices::test_postgresql_database_service_basic_functionality FAILED [  7%]
tests/integration/services/test_service_integration.py::test_embedding_database_consistency FAILED [  8%]
tests/integration/strategies/test_base_integration.py::test_strategy_full_lifecycle FAILED [  8%]
tests/integration/strategies/test_base_integration.py::test_multiple_strategies_implement_interface FAILED [  8%]
tests/integration/strategies/test_base_integration.py::test_async_retrieve_works FAILED [  8%]
tests/integration/strategies/test_base_integration.py::test_strategy_error_handling FAILED [  8%]
tests/integration/strategies/test_base_integration.py::test_strategy_configuration_override FAILED [  8%]
tests/integration/strategies/test_contextual_integration.py::test_contextual_retrieval_complete_workflow FAILED [  9%]
tests/integration/strategies/test_contextual_integration.py::test_cost_tracking_accuracy FAILED [  9%]
tests/integration/strategies/test_contextual_integration.py::test_retrieval_with_different_formats FAILED [  9%]
tests/integration/strategies/test_contextual_integration.py::test_error_recovery FAILED [  9%]
tests/integration/strategies/test_contextual_integration.py::test_synchronous_indexing FAILED [  9%]
tests/integration/strategies/test_contextual_integration.py::test_large_document_processing FAILED [  9%]
tests/integration/strategies/test_hierarchical_integration.py::TestHierarchicalIntegration::test_end_to_end_workflow FAILED [ 10%]
tests/integration/strategies/test_hierarchical_integration.py::TestHierarchicalIntegration::test_expansion_strategy_comparison FAILED [ 10%]
tests/integration/strategies/test_hierarchical_integration.py::TestHierarchicalIntegration::test_hierarchy_validation FAILED [ 10%]
tests/integration/strategies/test_hierarchical_integration.py::TestHierarchicalIntegration::test_multiple_documents FAILED [ 10%]
tests/integration/strategies/test_knowledge_graph_integration.py::test_knowledge_graph_workflow FAILED [ 11%]
tests/integration/strategies/test_knowledge_graph_integration.py::test_hybrid_retrieval FAILED [ 11%]
tests/integration/strategies/test_knowledge_graph_integration.py::test_relationship_queries FAILED [ 11%]
tests/integration/strategies/test_knowledge_graph_integration.py::test_graph_statistics FAILED [ 11%]
tests/integration/strategies/test_late_chunking_integration.py::test_late_chunking_workflow FAILED [ 11%]
tests/integration/strategies/test_late_chunking_integration.py::test_fixed_size_chunking_integration FAILED [ 12%]
tests/integration/strategies/test_late_chunking_integration.py::test_adaptive_chunking_integration FAILED [ 12%]
tests/integration/strategies/test_late_chunking_integration.py::test_multiple_documents FAILED [ 12%]
tests/integration/strategies/test_late_chunking_integration.py::test_strategy_properties FAILED [ 12%]
tests/integration/strategies/test_late_chunking_integration.py::test_coherence_scores_computed FAILED [ 12%]
tests/integration/strategies/test_late_chunking_integration.py::test_short_document FAILED [ 12%]
tests/integration/strategies/test_late_chunking_integration.py::test_chunk_embeddings_valid FAILED [ 12%]
tests/integration/strategies/test_late_chunking_integration.py::test_embedding_quality FAILED [ 12%]
tests/integration/strategies/test_multi_query_integration.py::TestMultiQueryIntegration::test_multi_query_complete_workflow FAILED [ 12%]
tests/integration/strategies/test_multi_query_integration.py::TestMultiQueryIntegration::test_multi_query_async_workflow FAILED [ 12%]
tests/integration/strategies/test_multi_query_integration.py::TestMultiQueryIntegration::test_variant_diversity FAILED [ 12%]
tests/integration/strategies/test_multi_query_integration.py::TestMultiQueryIntegration::test_performance_requirements FAILED [ 12%]
tests/integration/strategies/test_multi_query_integration.py::TestMultiQueryIntegration::test_fallback_on_failure FAILED [ 12%]
tests/integration/strategies/test_multi_query_integration.py::TestMultiQueryIntegration::test_ranking_strategy_comparison FAILED [ 12%]
tests/integration/strategies/test_multi_query_integration.py::TestMultiQueryIntegration::test_deduplication_across_variants FAILED [ 12%]
tests/integration/strategies/test_multi_query_integration.py::TestMultiQueryIntegration::test_strategy_properties FAILED [ 12%]
tests/integration/test_config_integration.py::test_config_with_factory FAILED [ 14%]
tests/integration/test_config_integration.py::test_config_with_pipeline FAILED [ 14%]
tests/integration/test_factory_integration.py::test_register_create_use_strategy FAILED [ 15%]
tests/integration/test_factory_integration.py::test_create_multiple_different_strategies FAILED [ 15%]
tests/integration/test_factory_integration.py::test_create_multiple_instances_of_same_strategy FAILED [ 15%]
tests/integration/test_factory_integration.py::test_config_file_with_yaml FAILED [ 15%]
tests/integration/test_factory_integration.py::test_config_file_with_json FAILED [ 15%]
tests/integration/test_factory_integration.py::test_factory_error_recovery FAILED [ 15%]
tests/integration/test_factory_integration.py::test_factory_state_after_failed_creation FAILED [ 15%]
tests/integration/test_factory_integration.py::test_decorator_integration FAILED [ 15%]
tests/integration/test_factory_integration.py::test_full_rag_workflow FAILED [ 16%]
tests/integration/test_factory_integration.py::test_async_retrieve_integration FAILED [ 16%]
tests/integration/test_package_integration.py::TestPackageInstallation::test_package_installable FAILED [ 16%]
tests/integration/test_package_integration.py::TestFullWorkflow::test_full_workflow_with_installed_package FAILED [ 16%]
tests/integration/test_pipeline_integration.py::test_three_strategy_pipeline FAILED [ 16%]
tests/integration/test_pipeline_integration.py::test_parallel_faster_than_sequential FAILED [ 16%]
tests/integration/test_pipeline_integration.py::test_pipeline_continues_after_non_critical_failure FAILED [ 16%]
tests/integration/test_pipeline_integration.py::test_load_pipeline_from_yaml FAILED [ 16%]
tests/integration/test_pipeline_integration.py::test_async_sequential_execution FAILED [ 16%]
tests/integration/test_pipeline_integration.py::test_async_fallback_execution FAILED [ 16%]
tests/integration/test_pipeline_integration.py::test_parallel_execution_with_failures FAILED [ 16%]
tests/unit/cli/test_check_consistency_command.py::TestCheckConsistencyCommand::test_config_file_loading FAILED [ 18%]
tests/unit/cli/test_repl_command.py::TestREPLSession::test_repl_session_init FAILED [ 21%]
tests/unit/database/test_connection.py::TestDatabaseConnection::test_health_check_failure FAILED [ 28%]
tests/unit/database/test_models.py::TestDocumentModel::test_document_creation FAILED [ 29%]
tests/unit/database/test_models.py::TestDocumentModel::test_document_default_values FAILED [ 29%]
tests/unit/database/test_models.py::TestDocumentModel::test_document_metadata_accepts_json FAILED [ 29%]
tests/unit/database/test_models.py::TestChunkModel::test_chunk_creation FAILED [ 29%]
tests/unit/database/test_models.py::TestChunkModel::test_chunk_default_values FAILED [ 29%]
tests/unit/database/test_models.py::TestChunkModel::test_chunk_metadata_accepts_json FAILED [ 29%]
tests/unit/documentation/test_code_examples.py::TestCodeExamples::test_all_code_examples_have_valid_syntax FAILED [ 30%]
tests/unit/documentation/test_code_examples.py::TestCodeExamples::test_no_placeholder_code FAILED [ 31%]
tests/unit/documentation/test_documentation_completeness.py::TestDocumentationCompleteness::test_mkdocs_config_valid FAILED [ 31%]
tests/unit/documentation/test_links.py::TestDocumentationLinks::test_no_broken_internal_links FAILED [ 31%]
tests/unit/documentation/test_links.py::TestDocumentationLinks::test_all_diagrams_valid FAILED [ 31%]
tests/unit/documentation/test_links.py::TestDocumentationLinks::test_no_todo_links FAILED [ 31%]
tests/unit/services/embedding/test_onnx_local_provider.py::test_provider_initialization FAILED [ 51%]
tests/unit/services/embedding/test_onnx_local_provider.py::test_get_embeddings FAILED [ 51%]
tests/unit/services/embedding/test_onnx_local_provider.py::test_calculate_cost_is_zero FAILED [ 51%]
tests/unit/services/embedding/test_onnx_local_provider.py::test_known_model_dimensions FAILED [ 51%]
